DO
DO
 render 
--------
 4
(1 row)

 render  
---------
 Title 1
(1 row)

          render           
---------------------------
 Title 1 Example content 1
(1 row)

                render                
--------------------------------------
  Title 1  Title 2  Title 3  Title 4 
(1 row)

                                                                      render                                                                      
--------------------------------------------------------------------------------------------------------------------------------------------------
  Title 1 Example content 1 Author 1  Title 2 Example content 2 Author 2  Title 3 Example content 3 Author 3  Title 4 Example content 4 Author 4 
(1 row)

   render_agg   
----------------
 Title 1Title 2
(1 row)

                                              render_agg                                              
------------------------------------------------------------------------------------------------------
 Title 1 Example content 1Title 2 Example content 2Title 3 Example content 3Title 4 Example content 4
(1 row)

                                              render_agg                                              
------------------------------------------------------------------------------------------------------
 Title 1 Example content 1Title 2 Example content 2Title 3 Example content 3Title 4 Example content 4
(1 row)

 render 
--------
 1
(1 row)

       render       
--------------------
 922337203685477580
(1 row)

 render 
--------
 1
(1 row)

 render 
--------
 1.59
(1 row)

 render 
--------
 1.59
(1 row)

 render 
--------
 1.59
(1 row)

 render 
--------
 1
(1 row)

 render 
--------
 1
(1 row)

 render 
--------
 a
(1 row)

 render 
--------
 a
(1 row)

 render 
--------
 a
(1 row)

 render 
--------
 true
(1 row)

   render   
------------
 2024-02-11
(1 row)

  render  
----------
 14:30:00
(1 row)

       render        
---------------------
 2024-02-11T14:30:00
(1 row)

          render           
---------------------------
 2024-02-11T16:30:00+02:00
(1 row)

 render 
--------
 1 day
(1 row)

                render                
--------------------------------------
 550e8400-e29b-41d4-a716-446655440000
(1 row)

    render    
--------------
 192.0.2.0/24
(1 row)

 render 
--------
 a
(1 row)

 render 
--------
 a
(1 row)

